Archive member included to satisfy reference by file (symbol)

c:/ac6/systemworkbench/plugins/fr.ac6.mcu.externaltools.arm-none.win32_1.17.0.201812190825/tools/compiler/bin/../lib/gcc/arm-none-eabi/7.3.1/thumb/v6-m\libgcc.a(_udivsi3.o)
                              HAL_Driver/Src/stm32f0xx_hal.o (__aeabi_uidiv)
c:/ac6/systemworkbench/plugins/fr.ac6.mcu.externaltools.arm-none.win32_1.17.0.201812190825/tools/compiler/bin/../lib/gcc/arm-none-eabi/7.3.1/thumb/v6-m\libgcc.a(_dvmd_tls.o)
                              c:/ac6/systemworkbench/plugins/fr.ac6.mcu.externaltools.arm-none.win32_1.17.0.201812190825/tools/compiler/bin/../lib/gcc/arm-none-eabi/7.3.1/thumb/v6-m\libgcc.a(_udivsi3.o) (__aeabi_idiv0)
c:/ac6/systemworkbench/plugins/fr.ac6.mcu.externaltools.arm-none.win32_1.17.0.201812190825/tools/compiler/bin/../lib/gcc/arm-none-eabi/7.3.1/thumb/v6-m\libgcc.a(mulsf3.o)
                              Utilities/Components/l3gd20/l3gd20.o (__aeabi_fmul)
c:/ac6/systemworkbench/plugins/fr.ac6.mcu.externaltools.arm-none.win32_1.17.0.201812190825/tools/compiler/bin/../lib/gcc/arm-none-eabi/7.3.1/thumb/v6-m\libgcc.a(floatsisf.o)
                              Utilities/Components/l3gd20/l3gd20.o (__aeabi_i2f)
c:/ac6/systemworkbench/plugins/fr.ac6.mcu.externaltools.arm-none.win32_1.17.0.201812190825/tools/compiler/bin/../lib/gcc/arm-none-eabi/7.3.1/thumb/v6-m\libgcc.a(_clzsi2.o)
                              c:/ac6/systemworkbench/plugins/fr.ac6.mcu.externaltools.arm-none.win32_1.17.0.201812190825/tools/compiler/bin/../lib/gcc/arm-none-eabi/7.3.1/thumb/v6-m\libgcc.a(mulsf3.o) (__clzsi2)
c:/ac6/systemworkbench/plugins/fr.ac6.mcu.externaltools.arm-none.win32_1.17.0.201812190825/tools/compiler/bin/../lib/gcc/arm-none-eabi/7.3.1/../../../../arm-none-eabi/lib/thumb/v6-m\libc.a(lib_a-errno.o)
                              src/syscalls.o (__errno)
c:/ac6/systemworkbench/plugins/fr.ac6.mcu.externaltools.arm-none.win32_1.17.0.201812190825/tools/compiler/bin/../lib/gcc/arm-none-eabi/7.3.1/../../../../arm-none-eabi/lib/thumb/v6-m\libc.a(lib_a-exit.o)
                              c:/ac6/systemworkbench/plugins/fr.ac6.mcu.externaltools.arm-none.win32_1.17.0.201812190825/tools/compiler/bin/../lib/gcc/arm-none-eabi/7.3.1/../../../../arm-none-eabi/lib/thumb/v6-m/crt0.o (exit)
c:/ac6/systemworkbench/plugins/fr.ac6.mcu.externaltools.arm-none.win32_1.17.0.201812190825/tools/compiler/bin/../lib/gcc/arm-none-eabi/7.3.1/../../../../arm-none-eabi/lib/thumb/v6-m\libc.a(lib_a-impure.o)
                              c:/ac6/systemworkbench/plugins/fr.ac6.mcu.externaltools.arm-none.win32_1.17.0.201812190825/tools/compiler/bin/../lib/gcc/arm-none-eabi/7.3.1/../../../../arm-none-eabi/lib/thumb/v6-m\libc.a(lib_a-exit.o) (_global_impure_ptr)
c:/ac6/systemworkbench/plugins/fr.ac6.mcu.externaltools.arm-none.win32_1.17.0.201812190825/tools/compiler/bin/../lib/gcc/arm-none-eabi/7.3.1/../../../../arm-none-eabi/lib/thumb/v6-m\libc.a(lib_a-init.o)
                              c:/ac6/systemworkbench/plugins/fr.ac6.mcu.externaltools.arm-none.win32_1.17.0.201812190825/tools/compiler/bin/../lib/gcc/arm-none-eabi/7.3.1/../../../../arm-none-eabi/lib/thumb/v6-m/crt0.o (__libc_init_array)
c:/ac6/systemworkbench/plugins/fr.ac6.mcu.externaltools.arm-none.win32_1.17.0.201812190825/tools/compiler/bin/../lib/gcc/arm-none-eabi/7.3.1/../../../../arm-none-eabi/lib/thumb/v6-m\libc.a(lib_a-memset.o)
                              c:/ac6/systemworkbench/plugins/fr.ac6.mcu.externaltools.arm-none.win32_1.17.0.201812190825/tools/compiler/bin/../lib/gcc/arm-none-eabi/7.3.1/../../../../arm-none-eabi/lib/thumb/v6-m/crt0.o (memset)
c:/ac6/systemworkbench/plugins/fr.ac6.mcu.externaltools.arm-none.win32_1.17.0.201812190825/tools/compiler/bin/../lib/gcc/arm-none-eabi/7.3.1/../../../../arm-none-eabi/lib/thumb/v6-m\libc.a(lib_a-__call_atexit.o)
                              c:/ac6/systemworkbench/plugins/fr.ac6.mcu.externaltools.arm-none.win32_1.17.0.201812190825/tools/compiler/bin/../lib/gcc/arm-none-eabi/7.3.1/../../../../arm-none-eabi/lib/thumb/v6-m\libc.a(lib_a-exit.o) (__call_exitprocs)
c:/ac6/systemworkbench/plugins/fr.ac6.mcu.externaltools.arm-none.win32_1.17.0.201812190825/tools/compiler/bin/../lib/gcc/arm-none-eabi/7.3.1/../../../../arm-none-eabi/lib/thumb/v6-m\libc.a(lib_a-atexit.o)
                              c:/ac6/systemworkbench/plugins/fr.ac6.mcu.externaltools.arm-none.win32_1.17.0.201812190825/tools/compiler/bin/../lib/gcc/arm-none-eabi/7.3.1/../../../../arm-none-eabi/lib/thumb/v6-m\libc.a(lib_a-__call_atexit.o) (atexit)
c:/ac6/systemworkbench/plugins/fr.ac6.mcu.externaltools.arm-none.win32_1.17.0.201812190825/tools/compiler/bin/../lib/gcc/arm-none-eabi/7.3.1/../../../../arm-none-eabi/lib/thumb/v6-m\libc.a(lib_a-fini.o)
[...]
Memory Configuration

Name             Origin             Length             Attributes
FLASH            0x08000000         0x00020000         xr
RAM              0x20000000         0x00004000         xrw
*default*        0x00000000         0xffffffff

Linker script and memory map

LOAD c:/ac6/systemworkbench/plugins/fr.ac6.mcu.externaltools.arm-none.win32_1.17.0.201812190825/tools/compiler/bin/../lib/gcc/arm-none-eabi/7.3.1/thumb/v6-m/crti.o
LOAD c:/ac6/systemworkbench/plugins/fr.ac6.mcu.externaltools.arm-none.win32_1.17.0.201812190825/tools/compiler/bin/../lib/gcc/arm-none-eabi/7.3.1/thumb/v6-m/crtbegin.o
LOAD c:/ac6/systemworkbench/plugins/fr.ac6.mcu.externaltools.arm-none.win32_1.17.0.201812190825/tools/compiler/bin/../lib/gcc/arm-none-eabi/7.3.1/../../../../arm-none-eabi/lib/thumb/v6-m/crt0.o
LOAD HAL_Driver/Src/Legacy/stm32f0xx_hal_can.o
LOAD HAL_Driver/Src/stm32f0xx_hal.o
LOAD HAL_Driver/Src/stm32f0xx_hal_adc.o
LOAD HAL_Driver/Src/stm32f0xx_hal_adc_ex.o
LOAD HAL_Driver/Src/stm32f0xx_hal_can.o
LOAD HAL_Driver/Src/stm32f0xx_hal_cec.o
LOAD HAL_Driver/Src/stm32f0xx_hal_comp.o
LOAD HAL_Driver/Src/stm32f0xx_hal_cortex.o
LOAD HAL_Driver/Src/stm32f0xx_hal_crc.o
LOAD HAL_Driver/Src/stm32f0xx_hal_crc_ex.o
LOAD HAL_Driver/Src/stm32f0xx_hal_dac.o
LOAD HAL_Driver/Src/stm32f0xx_hal_dac_ex.o
LOAD HAL_Driver/Src/stm32f0xx_hal_dma.o
LOAD HAL_Driver/Src/stm32f0xx_hal_flash.o
LOAD HAL_Driver/Src/stm32f0xx_hal_flash_ex.o
LOAD HAL_Driver/Src/stm32f0xx_hal_gpio.o
LOAD HAL_Driver/Src/stm32f0xx_hal_i2c.o
LOAD HAL_Driver/Src/stm32f0xx_hal_i2c_ex.o
LOAD HAL_Driver/Src/stm32f0xx_hal_i2s.o
LOAD HAL_Driver/Src/stm32f0xx_hal_irda.o
LOAD HAL_Driver/Src/stm32f0xx_hal_iwdg.o
LOAD HAL_Driver/Src/stm32f0xx_hal_msp_template.o
LOAD HAL_Driver/Src/stm32f0xx_hal_pcd.o
LOAD HAL_Driver/Src/stm32f0xx_hal_pcd_ex.o
LOAD HAL_Driver/Src/stm32f0xx_hal_pwr.o
LOAD HAL_Driver/Src/stm32f0xx_hal_pwr_ex.o
LOAD HAL_Driver/Src/stm32f0xx_hal_rcc.o
LOAD HAL_Driver/Src/stm32f0xx_hal_rcc_ex.o
LOAD HAL_Driver/Src/stm32f0xx_hal_rtc.o
LOAD HAL_Driver/Src/stm32f0xx_hal_rtc_ex.o
LOAD HAL_Driver/Src/stm32f0xx_hal_smartcard.o
LOAD HAL_Driver/Src/stm32f0xx_hal_smartcard_ex.o
LOAD HAL_Driver/Src/stm32f0xx_hal_smbus.o
LOAD HAL_Driver/Src/stm32f0xx_hal_spi.o
LOAD HAL_Driver/Src/stm32f0xx_hal_spi_ex.o
LOAD HAL_Driver/Src/stm32f0xx_hal_tim.o
LOAD HAL_Driver/Src/stm32f0xx_hal_tim_ex.o
LOAD HAL_Driver/Src/stm32f0xx_hal_tsc.o
LOAD HAL_Driver/Src/stm32f0xx_hal_uart.o
LOAD HAL_Driver/Src/stm32f0xx_hal_uart_ex.o
LOAD HAL_Driver/Src/stm32f0xx_hal_usart.o
LOAD HAL_Driver/Src/stm32f0xx_hal_wwdg.o
LOAD HAL_Driver/Src/stm32f0xx_ll_adc.o
LOAD HAL_Driver/Src/stm32f0xx_ll_comp.o
LOAD HAL_Driver/Src/stm32f0xx_ll_crc.o
LOAD HAL_Driver/Src/stm32f0xx_ll_crs.o
LOAD HAL_Driver/Src/stm32f0xx_ll_dac.o
LOAD HAL_Driver/Src/stm32f0xx_ll_dma.o
LOAD HAL_Driver/Src/stm32f0xx_ll_exti.o
LOAD HAL_Driver/Src/stm32f0xx_ll_gpio.o
LOAD HAL_Driver/Src/stm32f0xx_ll_i2c.o
LOAD HAL_Driver/Src/stm32f0xx_ll_pwr.o
LOAD HAL_Driver/Src/stm32f0xx_ll_rcc.o
LOAD HAL_Driver/Src/stm32f0xx_ll_rtc.o
LOAD HAL_Driver/Src/stm32f0xx_ll_spi.o
LOAD HAL_Driver/Src/stm32f0xx_ll_tim.o
LOAD HAL_Driver/Src/stm32f0xx_ll_usart.o
LOAD HAL_Driver/Src/stm32f0xx_ll_utils.o
LOAD Utilities/Components/hx8347d/hx8347d.o
LOAD Utilities/Components/l3gd20/l3gd20.o
LOAD Utilities/Components/spfd5408/spfd5408.o
LOAD Utilities/Components/st7735/st7735.o
LOAD Utilities/Components/stlm75/stlm75.o
LOAD Utilities/STM32F072B-Discovery/stm32f072b_discovery.o
LOAD Utilities/STM32F072B-Discovery/stm32f072b_discovery_eeprom.o
LOAD Utilities/STM32F072B-Discovery/stm32f072b_discovery_gyroscope.o
LOAD src/main.o
LOAD src/stm32f0xx_it.o
LOAD src/syscalls.o
LOAD src/system_stm32f0xx.o
LOAD startup/startup_stm32f072xb.o
LOAD c:/ac6/systemworkbench/plugins/fr.ac6.mcu.externaltools.arm-none.win32_1.17.0.201812190825/tools/compiler/bin/../lib/gcc/arm-none-eabi/7.3.1/../../../../arm-none-eabi/lib/thumb/v6-m\libm.a
START GROUP
LOAD c:/ac6/systemworkbench/plugins/fr.ac6.mcu.externaltools.arm-none.win32_1.17.0.201812190825/tools/compiler/bin/../lib/gcc/arm-none-eabi/7.3.1/thumb/v6-m\libgcc.a
LOAD c:/ac6/systemworkbench/plugins/fr.ac6.mcu.externaltools.arm-none.win32_1.17.0.201812190825/tools/compiler/bin/../lib/gcc/arm-none-eabi/7.3.1/../../../../arm-none-eabi/lib/thumb/v6-m\libc.a
END GROUP
LOAD c:/ac6/systemworkbench/plugins/fr.ac6.mcu.externaltools.arm-none.win32_1.17.0.201812190825/tools/compiler/bin/../lib/gcc/arm-none-eabi/7.3.1/thumb/v6-m/crtend.o
LOAD c:/ac6/systemworkbench/plugins/fr.ac6.mcu.externaltools.arm-none.win32_1.17.0.201812190825/tools/compiler/bin/../lib/gcc/arm-none-eabi/7.3.1/thumb/v6-m/crtn.o
                0x20004000                _estack = 0x20004000
                0x00000000                _Min_Heap_Size = 0x0
                0x00000800                _Min_Stack_Size = 0x800

.isr_vector     0x08000000       0xc0
                0x08000000                . = ALIGN (0x4)
 *(.isr_vector)
 .isr_vector    0x08000000       0xc0 startup/startup_stm32f072xb.o
                0x08000000                g_pfnVectors
                0x080000c0                . = ALIGN (0x4)

.text           0x080000c0     0x1b9c
                0x080000c0                . = ALIGN (0x4)
 *(.text)
 .text          0x080000c0       0x48 c:/ac6/systemworkbench/plugins/fr.ac6.mcu.externaltools.arm-none.win32_1.17.0.201812190825/tools/compiler/bin/../lib/gcc/arm-none-eabi/7.3.1/thumb/v6-m/crtbegin.o
 .text          0x08000108      0x114 c:/ac6/systemworkbench/plugins/fr.ac6.mcu.externaltools.arm-none.win32_1.17.0.201812190825/tools/compiler/bin/../lib/gcc/arm-none-eabi/7.3.1/thumb/v6-m\libgcc.a(_udivsi3.o)
                0x08000108                __aeabi_uidiv
                0x08000108                __udivsi3
                0x08000214                __aeabi_uidivmod
 .text          0x0800021c        0x4 c:/ac6/systemworkbench/plugins/fr.ac6.mcu.externaltools.arm-none.win32_1.17.0.201812190825/tools/compiler/bin/../lib/gcc/arm-none-eabi/7.3.1/thumb/v6-m\libgcc.a(_dvmd_tls.o)
                0x0800021c                __aeabi_idiv0
                0x0800021c                __aeabi_ldiv0
 *(.text*)
 .text.HAL_Init
                0x08000220       0x28 HAL_Driver/Src/stm32f0xx_hal.o
                0x08000220                HAL_Init
 .text.HAL_InitTick
                0x08000248       0x38 HAL_Driver/Src/stm32f0xx_hal.o
                0x08000248                HAL_InitTick
 .text.HAL_IncTick
                0x08000280       0x18 HAL_Driver/Src/stm32f0xx_hal.o
                0x08000280                HAL_IncTick
 .text.HAL_GetTick
                0x08000298       0x14 HAL_Driver/Src/stm32f0xx_hal.o
                0x08000298                HAL_GetTick
 .text.NVIC_EnableIRQ
                0x080002ac       0x2c HAL_Driver/Src/stm32f0xx_hal_cortex.o
 .text.NVIC_SetPriority
                0x080002d8       0xdc HAL_Driver/Src/stm32f0xx_hal_cortex.o
 .text.SysTick_Config
                0x080003b4       0x48 HAL_Driver/Src/stm32f0xx_hal_cortex.o
 .text.HAL_NVIC_SetPriority
                0x080003fc       0x2a HAL_Driver/Src/stm32f0xx_hal_cortex.o
                0x080003fc                HAL_NVIC_SetPriority
 .text.HAL_NVIC_EnableIRQ
                0x08000426       0x20 HAL_Driver/Src/stm32f0xx_hal_cortex.o
                0x08000426                HAL_NVIC_EnableIRQ
 .text.HAL_SYSTICK_Config
                0x08000446       0x1a HAL_Driver/Src/stm32f0xx_hal_cortex.o
                0x08000446                HAL_SYSTICK_Config
 .text.HAL_SYSTICK_IRQHandler
                0x08000460        0xe HAL_Driver/Src/stm32f0xx_hal_cortex.o
                0x08000460                HAL_SYSTICK_IRQHandler
 .text.HAL_SYSTICK_Callback
                0x0800046e        0xa HAL_Driver/Src/stm32f0xx_hal_cortex.o
                0x0800046e                HAL_SYSTICK_Callback
 .text.HAL_DMA_Abort_IT
                0x08000478       0x8c HAL_Driver/Src/stm32f0xx_hal_dma.o
                0x08000478                HAL_DMA_Abort_IT
 .text.HAL_GPIO_Init
                0x08000504      0x2f8 HAL_Driver/Src/stm32f0xx_hal_gpio.o
                0x08000504                HAL_GPIO_Init
 .text.HAL_MspInit
                0x080007fc        0xa HAL_Driver/Src/stm32f0xx_hal_msp_template.o
                0x080007fc                HAL_MspInit
 *fill*         0x08000806        0x2 
 .text.HAL_RCC_GetSysClockFreq
                0x08000808       0xfc HAL_Driver/Src/stm32f0xx_hal_rcc.o
                0x08000808                HAL_RCC_GetSysClockFreq
 .text.HAL_RCC_GetHCLKFreq
                0x08000904       0x14 HAL_Driver/Src/stm32f0xx_hal_rcc.o
                0x08000904                HAL_RCC_GetHCLKFreq
 .text.HAL_RCC_GetPCLK1Freq
                0x08000918       0x2c HAL_Driver/Src/stm32f0xx_hal_rcc.o
                0x08000918                HAL_RCC_GetPCLK1Freq
 .text.HAL_UART_Init
                0x08000944       0xb0 HAL_Driver/Src/stm32f0xx_hal_uart.o
                0x08000944                HAL_UART_Init
 .text.HAL_UART_MspInit
                0x080009f4       0x10 HAL_Driver/Src/stm32f0xx_hal_uart.o
                0x080009f4                HAL_UART_MspInit
 .text.HAL_UART_Transmit_IT
                0x08000a04       0xb0 HAL_Driver/Src/stm32f0xx_hal_uart.o
                0x08000a04                HAL_UART_Transmit_IT
 .text.HAL_UART_Receive_IT
                0x08000ab4      0x13c HAL_Driver/Src/stm32f0xx_hal_uart.o
                0x08000ab4                HAL_UART_Receive_IT
 .text.HAL_UART_IRQHandler
                0x08000bf0      0x22c HAL_Driver/Src/stm32f0xx_hal_uart.o
                0x08000bf0                HAL_UART_IRQHandler
 .text.HAL_UART_TxCpltCallback
                0x08000e1c       0x10 HAL_Driver/Src/stm32f0xx_hal_uart.o
                0x08000e1c                HAL_UART_TxCpltCallback
 .text.HAL_UART_ErrorCallback
                0x08000e2c       0x10 HAL_Driver/Src/stm32f0xx_hal_uart.o
                0x08000e2c                HAL_UART_ErrorCallback
 .text.UART_SetConfig
                0x08000e3c      0x378 HAL_Driver/Src/stm32f0xx_hal_uart.o
                0x08000e3c                UART_SetConfig
 .text.UART_AdvFeatureConfig
                0x080011b4      0x168 HAL_Driver/Src/stm32f0xx_hal_uart.o
                0x080011b4                UART_AdvFeatureConfig
 .text.UART_CheckIdleState
                0x0800131c       0xb0 HAL_Driver/Src/stm32f0xx_hal_uart.o
                0x0800131c                UART_CheckIdleState
 .text.UART_WaitOnFlagUntilTimeout
                0x080013cc       0x98 HAL_Driver/Src/stm32f0xx_hal_uart.o
                0x080013cc                UART_WaitOnFlagUntilTimeout
 .text.UART_EndRxTransfer
                0x08001464       0x3c HAL_Driver/Src/stm32f0xx_hal_uart.o
 .text.UART_DMAAbortOnError
                0x080014a0       0x2e HAL_Driver/Src/stm32f0xx_hal_uart.o
 .text.UART_Transmit_IT
                0x080014ce       0xae HAL_Driver/Src/stm32f0xx_hal_uart.o
                0x080014ce                UART_Transmit_IT
 .text.UART_EndTransmit_IT
                0x0800157c       0x32 HAL_Driver/Src/stm32f0xx_hal_uart.o
                0x0800157c                UART_EndTransmit_IT
 *fill*         0x080015ae        0x2 
 .text.UART_Receive_IT
                0x080015b0       0xf8 HAL_Driver/Src/stm32f0xx_hal_uart.o
                0x080015b0                UART_Receive_IT
 .text.HAL_UARTEx_WakeupCallback
                0x080016a8       0x10 HAL_Driver/Src/stm32f0xx_hal_uart_ex.o
                0x080016a8                HAL_UARTEx_WakeupCallback
 .text.sendString
                0x080016b8       0x1e src/main.o
                0x080016b8                sendString
 *fill*         0x080016d6        0x2 
 .text.HAL_UART_RxCpltCallback
                0x080016d8       0x70 src/main.o
                0x080016d8                HAL_UART_RxCpltCallback
 .text.main     0x08001748       0xd8 src/main.o
                0x08001748                main
 .text.GPIOInit
                0x08001820       0xb4 src/main.o
                0x08001820                GPIOInit
 .text.UARTInit
                0x080018d4       0xb0 src/main.o
                0x080018d4                UARTInit
 .text.SysTick_Handler
                0x08001984       0x12 src/stm32f0xx_it.o
                0x08001984                SysTick_Handler
 *fill*         0x08001996        0x2 
 .text.USART2_IRQHandler
                0x08001998       0x18 src/stm32f0xx_it.o
                0x08001998                USART2_IRQHandler
 .text.USART3_4_IRQHandler
                0x080019b0       0x18 src/stm32f0xx_it.o
                0x080019b0                USART3_4_IRQHandler
 .text.SystemInit
                0x080019c8       0x88 src/system_stm32f0xx.o
                0x080019c8                SystemInit
 .text.Reset_Handler
                0x08001a50       0x50 startup/startup_stm32f072xb.o
                0x08001a50                Reset_Handler
 .text.Default_Handler
                0x08001aa0        0x2 startup/startup_stm32f072xb.o
                0x08001aa0                TIM1_CC_IRQHandler
                0x08001aa0                TSC_IRQHandler
                0x08001aa0                HardFault_Handler
                0x08001aa0                ADC1_COMP_IRQHandler
                0x08001aa0                PendSV_Handler
                0x08001aa0                NMI_Handler
                0x08001aa0                I2C1_IRQHandler
                0x08001aa0                RCC_CRS_IRQHandler
                0x08001aa0                SPI1_IRQHandler
                0x08001aa0                TIM6_DAC_IRQHandler
                0x08001aa0                EXTI2_3_IRQHandler
                0x08001aa0                I2C2_IRQHandler
                0x08001aa0                TIM17_IRQHandler
                0x08001aa0                CEC_CAN_IRQHandler
                0x08001aa0                RTC_IRQHandler
                0x08001aa0                PVD_VDDIO2_IRQHandler
                0x08001aa0                DMA1_Channel4_5_6_7_IRQHandler
                0x08001aa0                TIM16_IRQHandler
                0x08001aa0                TIM3_IRQHandler
                0x08001aa0                EXTI4_15_IRQHandler
                0x08001aa0                DMA1_Channel1_IRQHandler
                0x08001aa0                Default_Handler
                0x08001aa0                TIM14_IRQHandler
                0x08001aa0                TIM7_IRQHandler
                0x08001aa0                TIM15_IRQHandler
                0x08001aa0                EXTI0_1_IRQHandler
                0x08001aa0                USB_IRQHandler
                0x08001aa0                SPI2_IRQHandler
                0x08001aa0                SVC_Handler
                0x08001aa0                WWDG_IRQHandler
                0x08001aa0                TIM2_IRQHandler
                0x08001aa0                DMA1_Channel2_3_IRQHandler
                0x08001aa0                FLASH_IRQHandler
                0x08001aa0                USART1_IRQHandler
                0x08001aa0                TIM1_BRK_UP_TRG_COM_IRQHandler
 *fill*         0x08001aa2        0x2 
 .text.__libc_init_array
                0x08001aa4       0x48 c:/ac6/systemworkbench/plugins/fr.ac6.mcu.externaltools.arm-none.win32_1.17.0.201812190825/tools/compiler/bin/../lib/gcc/arm-none-eabi/7.3.1/../../../../arm-none-eabi/lib/thumb/v6-m\libc.a(lib_a-init.o)
                0x08001aa4                __libc_init_array
 .text.startup.register_fini
                0x08001aec       0x18 c:/ac6/systemworkbench/plugins/fr.ac6.mcu.externaltools.arm-none.win32_1.17.0.201812190825/tools/compiler/bin/../lib/gcc/arm-none-eabi/7.3.1/../../../../arm-none-eabi/lib/thumb/v6-m\libc.a(lib_a-__call_atexit.o)
 .text.atexit   0x08001b04       0x10 c:/ac6/systemworkbench/plugins/fr.ac6.mcu.externaltools.arm-none.win32_1.17.0.201812190825/tools/compiler/bin/../lib/gcc/arm-none-eabi/7.3.1/../../../../arm-none-eabi/lib/thumb/v6-m\libc.a(lib_a-atexit.o)
                0x08001b04                atexit
 .text.__libc_fini_array
                0x08001b14       0x34 c:/ac6/systemworkbench/plugins/fr.ac6.mcu.externaltools.arm-none.win32_1.17.0.201812190825/tools/compiler/bin/../lib/gcc/arm-none-eabi/7.3.1/../../../../arm-none-eabi/lib/thumb/v6-m\libc.a(lib_a-fini.o)
                0x08001b14                __libc_fini_array
 .text.__retarget_lock_acquire_recursive
                0x08001b48        0x4 c:/ac6/systemworkbench/plugins/fr.ac6.mcu.externaltools.arm-none.win32_1.17.0.201812190825/tools/compiler/bin/../lib/gcc/arm-none-eabi/7.3.1/../../../../arm-none-eabi/lib/thumb/v6-m\libc.a(lib_a-lock.o)
                0x08001b48                __retarget_lock_acquire_recursive
 .text.__retarget_lock_release_recursive
                0x08001b4c        0x4 c:/ac6/systemworkbench/plugins/fr.ac6.mcu.externaltools.arm-none.win32_1.17.0.201812190825/tools/compiler/bin/../lib/gcc/arm-none-eabi/7.3.1/../../../../arm-none-eabi/lib/thumb/v6-m\libc.a(lib_a-lock.o)
                0x08001b4c                __retarget_lock_release_recursive
 .text.__register_exitproc
                0x08001b50       0xf4 c:/ac6/systemworkbench/plugins/fr.ac6.mcu.externaltools.arm-none.win32_1.17.0.201812190825/tools/compiler/bin/../lib/gcc/arm-none-eabi/7.3.1/../../../../arm-none-eabi/lib/thumb/v6-m\libc.a(lib_a-__atexit.o)
                0x08001b50                __register_exitproc
 *(.glue_7)
 .glue_7        0x08001c44        0x0 linker stubs
 *(.glue_7t)
 .glue_7t       0x08001c44        0x0 linker stubs
 *(.eh_frame)
 .eh_frame      0x08001c44        0x0 c:/ac6/systemworkbench/plugins/fr.ac6.mcu.externaltools.arm-none.win32_1.17.0.201812190825/tools/compiler/bin/../lib/gcc/arm-none-eabi/7.3.1/thumb/v6-m/crtbegin.o
 *(.init)
 .init          0x08001c44        0x4 c:/ac6/systemworkbench/plugins/fr.ac6.mcu.externaltools.arm-none.win32_1.17.0.201812190825/tools/compiler/bin/../lib/gcc/arm-none-eabi/7.3.1/thumb/v6-m/crti.o
                0x08001c44                _init
 .init          0x08001c48        0x8 c:/ac6/systemworkbench/plugins/fr.ac6.mcu.externaltools.arm-none.win32_1.17.0.201812190825/tools/compiler/bin/../lib/gcc/arm-none-eabi/7.3.1/thumb/v6-m/crtn.o
 *(.fini)
 .fini          0x08001c50        0x4 c:/ac6/systemworkbench/plugins/fr.ac6.mcu.externaltools.arm-none.win32_1.17.0.201812190825/tools/compiler/bin/../lib/gcc/arm-none-eabi/7.3.1/thumb/v6-m/crti.o
                0x08001c50                _fini
 .fini          0x08001c54        0x8 c:/ac6/systemworkbench/plugins/fr.ac6.mcu.externaltools.arm-none.win32_1.17.0.201812190825/tools/compiler/bin/../lib/gcc/arm-none-eabi/7.3.1/thumb/v6-m/crtn.o
                0x08001c5c                . = ALIGN (0x4)
                0x08001c5c                _etext = .

.vfp11_veneer   0x08001c5c        0x0
 .vfp11_veneer  0x08001c5c        0x0 linker stubs

.v4_bx          0x08001c5c        0x0
 .v4_bx         0x08001c5c        0x0 linker stubs

.iplt           0x08001c5c        0x0
 .iplt          0x08001c5c        0x0 c:/ac6/systemworkbench/plugins/fr.ac6.mcu.externaltools.arm-none.win32_1.17.0.201812190825/tools/compiler/bin/../lib/gcc/arm-none-eabi/7.3.1/thumb/v6-m/crtbegin.o

.rodata         0x08001c5c       0x50
                0x08001c5c                . = ALIGN (0x4)
 *(.rodata)
 .rodata        0x08001c5c       0x20 HAL_Driver/Src/stm32f0xx_hal_rcc.o
 .rodata        0x08001c7c       0x13 src/main.o
 *fill*         0x08001c8f        0x1 
 .rodata        0x08001c90       0x18 src/system_stm32f0xx.o
                0x08001c90                AHBPrescTable
                0x08001ca0                APBPrescTable
 *(.rodata*)
 .rodata._global_impure_ptr
                0x08001ca8        0x4 c:/ac6/systemworkbench/plugins/fr.ac6.mcu.externaltools.arm-none.win32_1.17.0.201812190825/tools/compiler/bin/../lib/gcc/arm-none-eabi/7.3.1/../../../../arm-none-eabi/lib/thumb/v6-m\libc.a(lib_a-impure.o)
                0x08001ca8                _global_impure_ptr
                0x08001cac                . = ALIGN (0x4)

.rel.dyn        0x08001cac        0x0
 .rel.iplt      0x08001cac        0x0 c:/ac6/systemworkbench/plugins/fr.ac6.mcu.externaltools.arm-none.win32_1.17.0.201812190825/tools/compiler/bin/../lib/gcc/arm-none-eabi/7.3.1/thumb/v6-m/crtbegin.o

.ARM.extab
 *(.ARM.extab* .gnu.linkonce.armextab.*)

.ARM            0x08001cac        0x0
                0x08001cac                __exidx_start = .
 *(.ARM.exidx*)
                0x08001cac                __exidx_end = .

.preinit_array  0x08001cac        0x0
                0x08001cac                PROVIDE (__preinit_array_start = .)
 *(.preinit_array*)
                0x08001cac                PROVIDE (__preinit_array_end = .)

.init_array     0x08001cac        0x8
                0x08001cac                PROVIDE (__init_array_start = .)
 *(SORT_BY_NAME(.init_array.*))
 .init_array.00000
                0x08001cac        0x4 c:/ac6/systemworkbench/plugins/fr.ac6.mcu.externaltools.arm-none.win32_1.17.0.201812190825/tools/compiler/bin/../lib/gcc/arm-none-eabi/7.3.1/../../../../arm-none-eabi/lib/thumb/v6-m\libc.a(lib_a-__call_atexit.o)
 *(.init_array*)
 .init_array    0x08001cb0        0x4 c:/ac6/systemworkbench/plugins/fr.ac6.mcu.externaltools.arm-none.win32_1.17.0.201812190825/tools/compiler/bin/../lib/gcc/arm-none-eabi/7.3.1/thumb/v6-m/crtbegin.o
                0x08001cb4                PROVIDE (__init_array_end = .)

.fini_array     0x08001cb4        0x4
                0x08001cb4                PROVIDE (__fini_array_start = .)
 *(SORT_BY_NAME(.fini_array.*))
 *(.fini_array*)
 .fini_array    0x08001cb4        0x4 c:/ac6/systemworkbench/plugins/fr.ac6.mcu.externaltools.arm-none.win32_1.17.0.201812190825/tools/compiler/bin/../lib/gcc/arm-none-eabi/7.3.1/thumb/v6-m/crtbegin.o
                0x08001cb8                PROVIDE (__fini_array_end = .)
                0x08001cb8                _sidata = LOADADDR (.data)

.data           0x20000000      0x434 load address 0x08001cb8
                0x20000000                . = ALIGN (0x4)
                0x20000000                _sdata = .
 *(.data)
 .data          0x20000000        0x4 src/system_stm32f0xx.o
                0x20000000                SystemCoreClock
 *(.data*)
 *fill*         0x20000004        0x4 
 .data.impure_data
                0x20000008      0x428 c:/ac6/systemworkbench/plugins/fr.ac6.mcu.externaltools.arm-none.win32_1.17.0.201812190825/tools/compiler/bin/../lib/gcc/arm-none-eabi/7.3.1/../../../../arm-none-eabi/lib/thumb/v6-m\libc.a(lib_a-impure.o)
 .data.__atexit_recursive_mutex
                0x20000430        0x4 c:/ac6/systemworkbench/plugins/fr.ac6.mcu.externaltools.arm-none.win32_1.17.0.201812190825/tools/compiler/bin/../lib/gcc/arm-none-eabi/7.3.1/../../../../arm-none-eabi/lib/thumb/v6-m\libc.a(lib_a-__call_atexit.o)
                0x20000430                __atexit_recursive_mutex
                0x20000434                . = ALIGN (0x4)
                0x20000434                _edata = .

.igot.plt       0x20000434        0x0 load address 0x080020ec
 .igot.plt      0x20000434        0x0 c:/ac6/systemworkbench/plugins/fr.ac6.mcu.externaltools.arm-none.win32_1.17.0.201812190825/tools/compiler/bin/../lib/gcc/arm-none-eabi/7.3.1/thumb/v6-m/crtbegin.o
                0x20000434                . = ALIGN (0x4)

.bss            0x20000434      0x138 load address 0x080020ec
                0x20000434                _sbss = .
                0x20000434                __bss_start__ = _sbss
 *(.bss)
 .bss           0x20000434       0x1c c:/ac6/systemworkbench/plugins/fr.ac6.mcu.externaltools.arm-none.win32_1.17.0.201812190825/tools/compiler/bin/../lib/gcc/arm-none-eabi/7.3.1/thumb/v6-m/crtbegin.o
 *(.bss*)
 *(COMMON)
 COMMON         0x20000450        0x4 HAL_Driver/Src/stm32f0xx_hal.o
                0x20000450                uwTick
 COMMON         0x20000454       0xf4 src/main.o
                0x20000454                Received
                0x20000468                uart3
                0x200004d8                uart2
 COMMON         0x20000548       0x21 c:/ac6/systemworkbench/plugins/fr.ac6.mcu.externaltools.arm-none.win32_1.17.0.201812190825/tools/compiler/bin/../lib/gcc/arm-none-eabi/7.3.1/../../../../arm-none-eabi/lib/thumb/v6-m\libc.a(lib_a-lock.o)
                0x20000548                __lock___atexit_recursive_mutex
                0x2000054c                __lock___arc4random_mutex
                0x20000550                __lock___env_recursive_mutex
                0x20000554                __lock___sinit_recursive_mutex
                0x20000558                __lock___malloc_recursive_mutex
                0x2000055c                __lock___at_quick_exit_mutex
                0x20000560                __lock___dd_hash_mutex
                0x20000564                __lock___tz_mutex
                0x20000568                __lock___sfp_recursive_mutex
                0x2000056c                . = ALIGN (0x4)
 *fill*         0x20000569        0x3 
                0x2000056c                _ebss = .
                0x2000056c                __bss_end__ = _ebss

._user_heap_stack
                0x2000056c      0x804 load address 0x080020ec
                0x20000570                . = ALIGN (0x8)
 *fill*         0x2000056c        0x4 
                0x20000570                PROVIDE (end = .)
                [!provide]                PROVIDE (_end = .)
                0x20000570                . = (. + _Min_Heap_Size)
                0x20000d70                . = (. + _Min_Stack_Size)
 *fill*         0x20000570      0x800 
                0x20000d70                . = ALIGN (0x8)

/DISCARD/
 libc.a(*)
 libm.a(*)
 libgcc.a(*)

.ARM.attributes
                0x00000000       0x28
 *(.ARM.attributes)
 .ARM.attributes
                0x00000000       0x1e c:/ac6/systemworkbench/plugins/fr.ac6.mcu.externaltools.arm-none.win32_1.17.0.201812190825/tools/compiler/bin/../lib/gcc/arm-none-eabi/7.3.1/thumb/v6-m/crti.o
 .ARM.attributes
                0x0000001e       0x2c c:/ac6/systemworkbench/plugins/fr.ac6.mcu.externaltools.arm-none.win32_1.17.0.201812190825/tools/compiler/bin/../lib/gcc/arm-none-eabi/7.3.1/thumb/v6-m/crtbegin.o
 .ARM.attributes
                0x0000004a       0x31 HAL_Driver/Src/stm32f0xx_hal.o
 .ARM.attributes
                0x0000007b       0x31 HAL_Driver/Src/stm32f0xx_hal_cortex.o
 .ARM.attributes
                0x000000ac       0x31 HAL_Driver/Src/stm32f0xx_hal_dma.o
 .ARM.attributes
                0x000000dd       0x31 HAL_Driver/Src/stm32f0xx_hal_gpio.o
 .ARM.attributes
                0x0000010e       0x31 HAL_Driver/Src/stm32f0xx_hal_msp_template.o
 .ARM.attributes
                0x0000013f       0x31 HAL_Driver/Src/stm32f0xx_hal_rcc.o
 .ARM.attributes
                0x00000170       0x31 HAL_Driver/Src/stm32f0xx_hal_uart.o
 .ARM.attributes
                0x000001a1       0x31 HAL_Driver/Src/stm32f0xx_hal_uart_ex.o
 .ARM.attributes
                0x000001d2       0x31 src/main.o
 .ARM.attributes
                0x00000203       0x31 src/stm32f0xx_it.o
 .ARM.attributes
                0x00000234       0x31 src/system_stm32f0xx.o
 .ARM.attributes
                0x00000265       0x21 startup/startup_stm32f072xb.o
 .ARM.attributes
                0x00000286       0x1e c:/ac6/systemworkbench/plugins/fr.ac6.mcu.externaltools.arm-none.win32_1.17.0.201812190825/tools/compiler/bin/../lib/gcc/arm-none-eabi/7.3.1/thumb/v6-m\libgcc.a(_udivsi3.o)
 .ARM.attributes
                0x000002a4       0x1e c:/ac6/systemworkbench/plugins/fr.ac6.mcu.externaltools.arm-none.win32_1.17.0.201812190825/tools/compiler/bin/../lib/gcc/arm-none-eabi/7.3.1/thumb/v6-m\libgcc.a(_dvmd_tls.o)
 .ARM.attributes
                0x000002c2       0x2c c:/ac6/systemworkbench/plugins/fr.ac6.mcu.externaltools.arm-none.win32_1.17.0.201812190825/tools/compiler/bin/../lib/gcc/arm-none-eabi/7.3.1/../../../../arm-none-eabi/lib/thumb/v6-m\libc.a(lib_a-impure.o)
 .ARM.attributes
                0x000002ee       0x2c c:/ac6/systemworkbench/plugins/fr.ac6.mcu.externaltools.arm-none.win32_1.17.0.201812190825/tools/compiler/bin/../lib/gcc/arm-none-eabi/7.3.1/../../../../arm-none-eabi/lib/thumb/v6-m\libc.a(lib_a-init.o)
 .ARM.attributes
                0x0000031a       0x2c c:/ac6/systemworkbench/plugins/fr.ac6.mcu.externaltools.arm-none.win32_1.17.0.201812190825/tools/compiler/bin/../lib/gcc/arm-none-eabi/7.3.1/../../../../arm-none-eabi/lib/thumb/v6-m\libc.a(lib_a-__call_atexit.o)
 .ARM.attributes
                0x00000346       0x2c c:/ac6/systemworkbench/plugins/fr.ac6.mcu.externaltools.arm-none.win32_1.17.0.201812190825/tools/compiler/bin/../lib/gcc/arm-none-eabi/7.3.1/../../../../arm-none-eabi/lib/thumb/v6-m\libc.a(lib_a-atexit.o)
 .ARM.attributes
                0x00000372       0x2c c:/ac6/systemworkbench/plugins/fr.ac6.mcu.externaltools.arm-none.win32_1.17.0.201812190825/tools/compiler/bin/../lib/gcc/arm-none-eabi/7.3.1/../../../../arm-none-eabi/lib/thumb/v6-m\libc.a(lib_a-fini.o)
 .ARM.attributes
                0x0000039e       0x2c c:/ac6/systemworkbench/plugins/fr.ac6.mcu.externaltools.arm-none.win32_1.17.0.201812190825/tools/compiler/bin/../lib/gcc/arm-none-eabi/7.3.1/../../../../arm-none-eabi/lib/thumb/v6-m\libc.a(lib_a-lock.o)
 .ARM.attributes
                0x000003ca       0x2c c:/ac6/systemworkbench/plugins/fr.ac6.mcu.externaltools.arm-none.win32_1.17.0.201812190825/tools/compiler/bin/../lib/gcc/arm-none-eabi/7.3.1/../../../../arm-none-eabi/lib/thumb/v6-m\libc.a(lib_a-__atexit.o)
 .ARM.attributes
                0x000003f6       0x1e c:/ac6/systemworkbench/plugins/fr.ac6.mcu.externaltools.arm-none.win32_1.17.0.201812190825/tools/compiler/bin/../lib/gcc/arm-none-eabi/7.3.1/thumb/v6-m/crtn.o
OUTPUT(ESP_01_Comm.elf elf32-littlearm)

.debug_info     0x00000000     0xabb1
 .debug_info    0x00000000      0xe03 HAL_Driver/Src/stm32f0xx_hal.o
 .debug_info    0x00000e03      0xf49 HAL_Driver/Src/stm32f0xx_hal_cortex.o
 .debug_info    0x00001d4c      0xf74 HAL_Driver/Src/stm32f0xx_hal_dma.o
 .debug_info    0x00002cc0      0xe62 HAL_Driver/Src/stm32f0xx_hal_gpio.o
 .debug_info    0x00003b22      0x959 HAL_Driver/Src/stm32f0xx_hal_msp_template.o
 .debug_info    0x0000447b      0xfb8 HAL_Driver/Src/stm32f0xx_hal_rcc.o
 .debug_info    0x00005433     0x1b68 HAL_Driver/Src/stm32f0xx_hal_uart.o
 .debug_info    0x00006f9b     0x10b7 HAL_Driver/Src/stm32f0xx_hal_uart_ex.o
 .debug_info    0x00008052     0x1254 src/main.o
 .debug_info    0x000092a6      0xe79 src/stm32f0xx_it.o
 .debug_info    0x0000a11f      0xa70 src/system_stm32f0xx.o
 .debug_info    0x0000ab8f       0x22 startup/startup_stm32f072xb.o

.debug_abbrev   0x00000000     0x1b53
 .debug_abbrev  0x00000000      0x2a3 HAL_Driver/Src/stm32f0xx_hal.o
 .debug_abbrev  0x000002a3      0x33d HAL_Driver/Src/stm32f0xx_hal_cortex.o
 .debug_abbrev  0x000005e0      0x2bf HAL_Driver/Src/stm32f0xx_hal_dma.o
 .debug_abbrev  0x0000089f      0x289 HAL_Driver/Src/stm32f0xx_hal_gpio.o
 .debug_abbrev  0x00000b28      0x1aa HAL_Driver/Src/stm32f0xx_hal_msp_template.o
 .debug_abbrev  0x00000cd2      0x2be HAL_Driver/Src/stm32f0xx_hal_rcc.o
 .debug_abbrev  0x00000f90      0x2ae HAL_Driver/Src/stm32f0xx_hal_uart.o
 .debug_abbrev  0x0000123e      0x28b HAL_Driver/Src/stm32f0xx_hal_uart_ex.o
 .debug_abbrev  0x000014c9      0x299 src/main.o
 .debug_abbrev  0x00001762      0x1da src/stm32f0xx_it.o
 .debug_abbrev  0x0000193c      0x205 src/system_stm32f0xx.o
 .debug_abbrev  0x00001b41       0x12 startup/startup_stm32f072xb.o

.debug_aranges  0x00000000      0x608
 .debug_aranges
                0x00000000       0xb8 HAL_Driver/Src/stm32f0xx_hal.o
 .debug_aranges
                0x000000b8       0xc0 HAL_Driver/Src/stm32f0xx_hal_cortex.o
 .debug_aranges
                0x00000178       0x88 HAL_Driver/Src/stm32f0xx_hal_dma.o
 .debug_aranges
                0x00000200       0x58 HAL_Driver/Src/stm32f0xx_hal_gpio.o
 .debug_aranges
                0x00000258       0x38 HAL_Driver/Src/stm32f0xx_hal_msp_template.o
 .debug_aranges
                0x00000290       0x80 HAL_Driver/Src/stm32f0xx_hal_rcc.o
 .debug_aranges
                0x00000310      0x1d8 HAL_Driver/Src/stm32f0xx_hal_uart.o
 .debug_aranges
                0x000004e8       0x60 HAL_Driver/Src/stm32f0xx_hal_uart_ex.o
 .debug_aranges
                0x00000548       0x40 src/main.o
 .debug_aranges
                0x00000588       0x30 src/stm32f0xx_it.o
 .debug_aranges
                0x000005b8       0x28 src/system_stm32f0xx.o
 .debug_aranges
                0x000005e0       0x28 startup/startup_stm32f072xb.o

.debug_ranges   0x00000000      0x550
 .debug_ranges  0x00000000       0xa8 HAL_Driver/Src/stm32f0xx_hal.o
 .debug_ranges  0x000000a8       0xb0 HAL_Driver/Src/stm32f0xx_hal_cortex.o
 .debug_ranges  0x00000158       0x78 HAL_Driver/Src/stm32f0xx_hal_dma.o
 .debug_ranges  0x000001d0       0x48 HAL_Driver/Src/stm32f0xx_hal_gpio.o
 .debug_ranges  0x00000218       0x28 HAL_Driver/Src/stm32f0xx_hal_msp_template.o
 .debug_ranges  0x00000240       0x70 HAL_Driver/Src/stm32f0xx_hal_rcc.o
 .debug_ranges  0x000002b0      0x1c8 HAL_Driver/Src/stm32f0xx_hal_uart.o
 .debug_ranges  0x00000478       0x50 HAL_Driver/Src/stm32f0xx_hal_uart_ex.o
 .debug_ranges  0x000004c8       0x30 src/main.o
 .debug_ranges  0x000004f8       0x20 src/stm32f0xx_it.o
 .debug_ranges  0x00000518       0x18 src/system_stm32f0xx.o
 .debug_ranges  0x00000530       0x20 startup/startup_stm32f072xb.o

.debug_macro    0x00000000     0x305a
 .debug_macro   0x00000000      0x441 HAL_Driver/Src/stm32f0xx_hal.o
 .debug_macro   0x00000441      0x41d HAL_Driver/Src/stm32f0xx_hal_cortex.o
 .debug_macro   0x0000085e      0x41d HAL_Driver/Src/stm32f0xx_hal_dma.o
 .debug_macro   0x00000c7b      0x455 HAL_Driver/Src/stm32f0xx_hal_gpio.o
 .debug_macro   0x000010d0      0x41d HAL_Driver/Src/stm32f0xx_hal_msp_template.o
 .debug_macro   0x000014ed      0x42f HAL_Driver/Src/stm32f0xx_hal_rcc.o
 .debug_macro   0x0000191c      0x425 HAL_Driver/Src/stm32f0xx_hal_uart.o
 .debug_macro   0x00001d41      0x41d HAL_Driver/Src/stm32f0xx_hal_uart_ex.o
 .debug_macro   0x0000215e      0x457 src/main.o
 .debug_macro   0x000025b5      0x216 src/main.o
 .debug_macro   0x000027cb       0x16 src/main.o
 .debug_macro   0x000027e1       0x35 src/main.o
 .debug_macro   0x00002816      0x427 src/stm32f0xx_it.o
 .debug_macro   0x00002c3d      0x41d src/system_stm32f0xx.o

.debug_line     0x00000000     0x7f19
 .debug_line    0x00000000      0xaeb HAL_Driver/Src/stm32f0xx_hal.o
 .debug_line    0x00000aeb      0xb3d HAL_Driver/Src/stm32f0xx_hal_cortex.o
 .debug_line    0x00001628      0xb87 HAL_Driver/Src/stm32f0xx_hal_dma.o
 .debug_line    0x000021af      0xb06 HAL_Driver/Src/stm32f0xx_hal_gpio.o
 .debug_line    0x00002cb5      0x9bf HAL_Driver/Src/stm32f0xx_hal_msp_template.o
 .debug_line    0x00003674      0xbfe HAL_Driver/Src/stm32f0xx_hal_rcc.o
 .debug_line    0x00004272     0x1344 HAL_Driver/Src/stm32f0xx_hal_uart.o
 .debug_line    0x000055b6      0xae1 HAL_Driver/Src/stm32f0xx_hal_uart_ex.o
 .debug_line    0x00006097      0xa7b src/main.o
 .debug_line    0x00006b12      0x9d2 src/stm32f0xx_it.o
 .debug_line    0x000074e4      0x9b2 src/system_stm32f0xx.o
 .debug_line    0x00007e96       0x83 startup/startup_stm32f072xb.o

.debug_str      0x00000000    0x9aaad
 .debug_str     0x00000000    0x984a3 HAL_Driver/Src/stm32f0xx_hal.o
                              0x98783 (size before relaxing)
 .debug_str     0x000984a3      0x20e HAL_Driver/Src/stm32f0xx_hal_cortex.o
                              0x9866d (size before relaxing)
 .debug_str     0x000986b1      0x3e7 HAL_Driver/Src/stm32f0xx_hal_dma.o
                              0x98633 (size before relaxing)
 .debug_str     0x00098a98      0x282 HAL_Driver/Src/stm32f0xx_hal_gpio.o
                              0x984fd (size before relaxing)
 .debug_str     0x00098d1a       0x51 HAL_Driver/Src/stm32f0xx_hal_msp_template.o
                              0x98226 (size before relaxing)
 .debug_str     0x00098d6b      0x33e HAL_Driver/Src/stm32f0xx_hal_rcc.o
                              0x98645 (size before relaxing)
 .debug_str     0x000990a9      0x8e0 HAL_Driver/Src/stm32f0xx_hal_uart.o
                              0x98d8e (size before relaxing)
 .debug_str     0x00099989      0x188 HAL_Driver/Src/stm32f0xx_hal_uart_ex.o
                              0x98811 (size before relaxing)
 .debug_str     0x00099b11      0xec9 src/main.o
                              0x997a7 (size before relaxing)
 .debug_str     0x0009a9da       0x4a src/stm32f0xx_it.o
                              0x98691 (size before relaxing)
 .debug_str     0x0009aa24       0x5a src/system_stm32f0xx.o
                              0x98268 (size before relaxing)
 .debug_str     0x0009aa7e       0x2f startup/startup_stm32f072xb.o
                                 0x5b (size before relaxing)

.comment        0x00000000       0x7f
 .comment       0x00000000       0x7f HAL_Driver/Src/stm32f0xx_hal.o
                                 0x80 (size before relaxing)
 .comment       0x0000007f       0x80 HAL_Driver/Src/stm32f0xx_hal_cortex.o
 .comment       0x0000007f       0x80 HAL_Driver/Src/stm32f0xx_hal_dma.o
 .comment       0x0000007f       0x80 HAL_Driver/Src/stm32f0xx_hal_gpio.o
 .comment       0x0000007f       0x80 HAL_Driver/Src/stm32f0xx_hal_msp_template.o
 .comment       0x0000007f       0x80 HAL_Driver/Src/stm32f0xx_hal_rcc.o
 .comment       0x0000007f       0x80 HAL_Driver/Src/stm32f0xx_hal_uart.o
 .comment       0x0000007f       0x80 HAL_Driver/Src/stm32f0xx_hal_uart_ex.o
 .comment       0x0000007f       0x80 src/main.o
 .comment       0x0000007f       0x80 src/stm32f0xx_it.o
 .comment       0x0000007f       0x80 src/system_stm32f0xx.o

.debug_frame    0x00000000     0x1558
 .debug_frame   0x00000000      0x248 HAL_Driver/Src/stm32f0xx_hal.o
 .debug_frame   0x00000248      0x2a0 HAL_Driver/Src/stm32f0xx_hal_cortex.o
 .debug_frame   0x000004e8      0x1d0 HAL_Driver/Src/stm32f0xx_hal_dma.o
 .debug_frame   0x000006b8      0x110 HAL_Driver/Src/stm32f0xx_hal_gpio.o
 .debug_frame   0x000007c8       0x80 HAL_Driver/Src/stm32f0xx_hal_msp_template.o
 .debug_frame   0x00000848      0x194 HAL_Driver/Src/stm32f0xx_hal_rcc.o
 .debug_frame   0x000009dc      0x710 HAL_Driver/Src/stm32f0xx_hal_uart.o
 .debug_frame   0x000010ec      0x130 HAL_Driver/Src/stm32f0xx_hal_uart_ex.o
 .debug_frame   0x0000121c       0xac src/main.o
 .debug_frame   0x000012c8       0x64 src/stm32f0xx_it.o
 .debug_frame   0x0000132c       0x4c src/system_stm32f0xx.o
 .debug_frame   0x00001378       0x20 c:/ac6/systemworkbench/plugins/fr.ac6.mcu.externaltools.arm-none.win32_1.17.0.201812190825/tools/compiler/bin/../lib/gcc/arm-none-eabi/7.3.1/thumb/v6-m\libgcc.a(_udivsi3.o)
 .debug_frame   0x00001398       0x2c c:/ac6/systemworkbench/plugins/fr.ac6.mcu.externaltools.arm-none.win32_1.17.0.201812190825/tools/compiler/bin/../lib/gcc/arm-none-eabi/7.3.1/../../../../arm-none-eabi/lib/thumb/v6-m\libc.a(lib_a-init.o)
 .debug_frame   0x000013c4       0x54 c:/ac6/systemworkbench/plugins/fr.ac6.mcu.externaltools.arm-none.win32_1.17.0.201812190825/tools/compiler/bin/../lib/gcc/arm-none-eabi/7.3.1/../../../../arm-none-eabi/lib/thumb/v6-m\libc.a(lib_a-__call_atexit.o)
 .debug_frame   0x00001418       0x28 c:/ac6/systemworkbench/plugins/fr.ac6.mcu.externaltools.arm-none.win32_1.17.0.201812190825/tools/compiler/bin/../lib/gcc/arm-none-eabi/7.3.1/../../../../arm-none-eabi/lib/thumb/v6-m\libc.a(lib_a-atexit.o)
 .debug_frame   0x00001440       0x2c c:/ac6/systemworkbench/plugins/fr.ac6.mcu.externaltools.arm-none.win32_1.17.0.201812190825/tools/compiler/bin/../lib/gcc/arm-none-eabi/7.3.1/../../../../arm-none-eabi/lib/thumb/v6-m\libc.a(lib_a-fini.o)
 .debug_frame   0x0000146c       0xb0 c:/ac6/systemworkbench/plugins/fr.ac6.mcu.externaltools.arm-none.win32_1.17.0.201812190825/tools/compiler/bin/../lib/gcc/arm-none-eabi/7.3.1/../../../../arm-none-eabi/lib/thumb/v6-m\libc.a(lib_a-lock.o)
 .debug_frame   0x0000151c       0x3c c:/ac6/systemworkbench/plugins/fr.ac6.mcu.externaltools.arm-none.win32_1.17.0.201812190825/tools/compiler/bin/../lib/gcc/arm-none-eabi/7.3.1/../../../../arm-none-eabi/lib/thumb/v6-m\libc.a(lib_a-__atexit.o)
